// Vitest Snapshot v1, https://vitest.dev/guide/snapshot.html

exports[`<Tooltip /> > renders arrow in the proper location based on placement option 1`] = `"z-500 max-w-64 pb-2.5_absolute border-l-6 border-r-6 border-b-6 border-l-transparent border-r-transparent border-b-black/90 rotate-180"`;

exports[`<Tooltip /> > renders arrow in the proper location based on placement option 2`] = `"z-500 max-w-64 pt-2.5_absolute border-l-6 border-r-6 border-b-6 border-l-transparent border-r-transparent border-b-black/90"`;

exports[`<Tooltip /> > renders arrow in the proper location based on placement option 3`] = `"z-500 max-w-64 pr-2.5_absolute border-l-6 border-r-6 border-b-6 border-l-transparent border-r-transparent border-b-black/90 rotate-90 mr-[-3px]"`;

exports[`<Tooltip /> > renders arrow in the proper location based on placement option 4`] = `"z-500 max-w-64 pl-2.5_absolute border-l-6 border-r-6 border-b-6 border-l-transparent border-r-transparent border-b-black/90 rotate-270 ml-[-3px]"`;
