// Vitest Snapshot v1, https://vitest.dev/guide/snapshot.html

exports[`<Dropdown /> > renders toggle button with the right classes based on provided props 1`] = `"flex items-center rounded-md focus-ring justify-between cursor-pointer border border-lm-border dark:border-dm-border bg-lm-primary dark:bg-dm-primary group-[&]/card:bg-lm-input group-[&]/card:dark:bg-dm-input px-1.5 py-1 text-sm gap-x-1.5"`;

exports[`<Dropdown /> > renders toggle button with the right classes based on provided props 2`] = `"flex items-center rounded-md focus-ring justify-between cursor-pointer border border-lm-border dark:border-dm-border bg-lm-primary dark:bg-dm-primary group-[&]/card:bg-lm-input group-[&]/card:dark:bg-dm-input px-3 py-1.5 gap-x-2"`;

exports[`<Dropdown /> > renders toggle button with the right classes based on provided props 3`] = `"flex items-center rounded-md focus-ring justify-between cursor-pointer border border-lm-border dark:border-dm-border bg-lm-primary dark:bg-dm-primary group-[&]/card:bg-lm-input group-[&]/card:dark:bg-dm-input px-4 py-2 text-lg gap-x-2"`;

exports[`<Dropdown /> > renders toggle button with the right classes based on provided props 4`] = `"flex items-center rounded-md focus-ring justify-between cursor-pointer border border-lm-border dark:border-dm-border bg-lm-primary dark:bg-dm-primary group-[&]/card:bg-lm-input group-[&]/card:dark:bg-dm-input px-3 py-1.5 gap-x-2"`;

exports[`<Dropdown /> > renders toggle button with the right classes based on provided props 5`] = `"flex items-center rounded-md focus-ring justify-between cursor-pointer text-lm-brand dark:text-dm-brand highlight:text-lm-brand-dark dark:highlight:text-dm-brand-dark highlight:underline px-3 py-1.5 gap-x-2"`;

exports[`<Dropdown /> > renders toggle button with the right classes based on provided props 6`] = `"flex items-center rounded-md focus-ring justify-between cursor-pointer gap-x-2"`;

exports[`<Dropdown /> > renders toggle button with the right classes based on provided props 7`] = `"flex items-center rounded-md focus-ring justify-between cursor-pointer border border-lm-border dark:border-dm-border bg-lm-primary dark:bg-dm-primary group-[&]/card:bg-lm-input group-[&]/card:dark:bg-dm-input px-3 py-1.5 gap-x-2"`;

exports[`<Dropdown /> > renders toggle button with the right classes based on provided props 8`] = `"flex items-center rounded-md focus-ring cursor-pointer border border-lm-border dark:border-dm-border bg-lm-primary dark:bg-dm-primary group-[&]/card:bg-lm-input group-[&]/card:dark:bg-dm-input px-3 py-1.5 gap-x-2"`;

exports[`<Dropdown /> > renders toggle button with the right classes based on provided props 9`] = `"flex items-center rounded-md focus-ring justify-between pointer-events-none opacity-50 border border-lm-border dark:border-dm-border bg-lm-primary dark:bg-dm-primary group-[&]/card:bg-lm-input group-[&]/card:dark:bg-dm-input px-3 py-1.5 gap-x-2"`;
