// Vitest Snapshot v1, https://vitest.dev/guide/snapshot.html

exports[`<Tooltip /> > renders arrow in the proper location based on placement option 1`] = `"tw:z-500 tw:max-w-64 tw:pb-2.5_tw:absolute tw:border-l-6 tw:border-r-6 tw:border-b-6 tw:border-l-transparent tw:border-r-transparent tw:border-b-black/90 tw:rotate-180"`;

exports[`<Tooltip /> > renders arrow in the proper location based on placement option 2`] = `"tw:z-500 tw:max-w-64 tw:pt-2.5_tw:absolute tw:border-l-6 tw:border-r-6 tw:border-b-6 tw:border-l-transparent tw:border-r-transparent tw:border-b-black/90"`;

exports[`<Tooltip /> > renders arrow in the proper location based on placement option 3`] = `"tw:z-500 tw:max-w-64 tw:pr-2.5_tw:absolute tw:border-l-6 tw:border-r-6 tw:border-b-6 tw:border-l-transparent tw:border-r-transparent tw:border-b-black/90 tw:rotate-90 tw:mr-[-3px]"`;

exports[`<Tooltip /> > renders arrow in the proper location based on placement option 4`] = `"tw:z-500 tw:max-w-64 tw:pl-2.5_tw:absolute tw:border-l-6 tw:border-r-6 tw:border-b-6 tw:border-l-transparent tw:border-r-transparent tw:border-b-black/90 tw:rotate-270 tw:ml-[-3px]"`;
